// Jest Snapshot v1, https://goo.gl/fbAQLP

exports[`Should be able to render auto-implemented properties in CSharp and should log expected output to console 1`] = `
Array [
  "public partial class Root
{
  public string[]? emails { get; set; }
  public string? stringProp { get; set; }
  public double? numberProp { get; set; }
}",
]
`;
